I'm sorry, but errors were detected in your script. Please correct the
errors listed below, and try again.


File "game/dialogues/prologue.rpy", line 18: Line is followed by a block, despite not being a menu choice. Did you forget a colon at the end of the line?
    "Choice 1"
              ^

Ren'Py Version: Ren'Py 7.4.2.1292
Thu Mar 11 16:00:41 2021
